// Jest Snapshot v1, https://goo.gl/fbAQLP

exports[`SearchForm renders without crashing 1`] = `
<div>
  <styled.a
    onClick={[Function]}
  >
    Příštích 7 dní
  </styled.a>
  <styled.div
    open={false}
  >
    <styled.ul
      id="search-form"
      title="Příštích 7 dní"
    >
      <styled.a
        onClick={[Function]}
      >
        Dnes
      </styled.a>
      <styled.a
        onClick={[Function]}
      >
        Zítra
      </styled.a>
      <styled.a
        onClick={[Function]}
      >
        Příštích 7 dní
      </styled.a>
      <styled.a
        onClick={[Function]}
      >
        Tento měsíc
      </styled.a>
    </styled.ul>
  </styled.div>
</div>
`;
