// Jest Snapshot v1, https://goo.gl/fbAQLP

exports[`renders without crashing 1`] = `
<Dialog
  actions={
    Array [
      <FlatButton
        disabled={false}
        fullWidth={false}
        labelPosition="after"
        labelStyle={Object {}}
        onClick={[Function]}
        onKeyboardFocus={[Function]}
        onMouseEnter={[Function]}
        onMouseLeave={[Function]}
        onTouchStart={[Function]}
        primary={false}
        secondary={false}
    >
        Zavřít
    </FlatButton>,
    ]
  }
  autoDetectWindowHeight={true}
  autoScrollBodyContent={true}
  modal={false}
  onHide={[Function]}
  open={true}
  repositionOnUpdate={true}
  title="Test"
>
  <CircularProgress
    max={100}
    min={0}
    mode="indeterminate"
    size={40}
    thickness={3.5}
    value={0}
  />
</Dialog>
`;
